// Jest Snapshot v1, https://goo.gl/fbAQLP

exports[`Tests for SignIn page snapshot of SignIn page 1`] = `
.c6 {
  width: -webkit-fit-content;
  width: -moz-fit-content;
  width: fit-content;
  display: grid;
  grid-template-columns: 4rem 22rem;
  grid-template-rows: 4rem auto;
  grid-template-areas: "divImg divInput" "divError divError";
}

.c7 {
  width: 4rem;
  height: 4rem;
  border-top-left-radius: 0.5rem;
  border-bottom-left-radius: 0.5rem;
  background: #E5E7E9;
  border: 0.1rem solid #A6ACAF;
  grid-area: divImg;
}

.c8 {
  width: 1.6rem;
  height: 1.6rem;
  margin-top: 1.2rem;
  margin-left: 1.2rem;
}

.c9 {
  width: 22rem;
  height: 4rem;
  border-top-right-radius: 0.5rem;
  border-bottom-right-radius: 0.5rem;
  border: 0.1rem solid #A6ACAF;
  position: relative;
  top: 0;
  left: 0;
  grid-area: divInput;
}

.c9:focus-within::after {
  content: '';
  position: absolute;
  box-sizing: border-box;
  top: -0.2rem;
  left: -0.2rem;
  bottom: -0.2rem;
  right: -0.2rem;
  border-top-right-radius: 0.5rem;
  border-bottom-right-radius: 0.5rem;
  border: 0.2rem solid #5DADE2;
}

.c10 {
  width: 20rem;
  margin-top: 1.1rem;
  margin-left: 1rem;
  font-size: 1.6rem;
  color: #5F6A6A;
  border: none;
  outline: none;
  background: transparent;
}

.c11 {
  width: 20rem;
  margin-top: 1.1rem;
  margin-left: 1rem;
  font-size: 1.6rem;
  color: #5F6A6A;
  position: absolute;
  top: 0;
  left: 0;
  z-index: -1;
}

.c12 {
  width: 26rem;
  height: 2.9rem;
  margin-top: 0.5rem;
  grid-area: divError;
}

.c13 {
  width: 26rem;
  height: 4rem;
  border-radius: 0.5rem;
  border: 0.1rem solid #A6ACAF;
  position: relative;
  top: 0;
  left: 0;
  display: -webkit-box;
  display: -webkit-flex;
  display: -ms-flexbox;
  display: flex;
  -webkit-flex-direction: column;
  -ms-flex-direction: column;
  flex-direction: column;
  outline: none;
}

.c13:focus::after {
  content: '';
  position: absolute;
  box-sizing: border-box;
  top: -0.2rem;
  left: -0.2rem;
  bottom: -0.2rem;
  right: -0.2rem;
  border-radius: 0.5rem;
  border: 0.2rem solid #5DADE2;
}

.c14 {
  color: #5F6A6A;
  font-size: 1.6rem;
  margin-top: 1.1rem;
  margin-left: 1.5rem;
}

.c15 {
  width: 1rem;
  height: 1rem;
  position: absolute;
  top: 1.4rem;
  right: 0.2rem;
}

.c16 {
  width: 26rem;
  margin-top: 0.5rem;
  height: 2.9rem;
}

.c17 {
  width: 26rem;
  height: 4rem;
  border-radius: 0.5rem;
  position: relative;
  top: 0;
  left: 0;
}

.c18 {
  width: 26rem;
  height: 4rem;
  border-radius: 0.5rem;
  font-size: 1.6rem;
  color: white;
  background: #3C97D7;
  outline: none;
  border: none;
}

.c18:active {
  border: 3px solid white;
}

.c5 {
  display: -webkit-box;
  display: -webkit-flex;
  display: -ms-flexbox;
  display: flex;
  -webkit-flex-direction: column;
  -ms-flex-direction: column;
  flex-direction: column;
  width: -webkit-fit-content;
  width: -moz-fit-content;
  width: fit-content;
}

.c19 {
  margin-top: 0.5rem;
  width: -webkit-fit-content;
  width: -moz-fit-content;
  width: fit-content;
  height: 1.2rem;
}

.c20 {
  width: 26rem;
  margin-top: 3rem;
}

.c22 {
  width: 25rem;
  height: 2rem;
  background: transparent;
}

.c21 {
  font-size: 1.2rem;
}

.c0 {
  width: 100vw;
  height: calc(100vh - 8.4rem);
  min-height: 68.2rem;
  display: grid;
  grid-template-columns: minmax(4rem,1fr) minmax(28rem,95.2rem) minmax(4rem,1fr);
  grid-template-rows: minmax(4rem,1fr) 60.2rem minmax(4rem,1fr);
  grid-template-areas: ". . ." ". container ." ". . .";
}

.c1 {
  height: 60rem;
  background: transparent;
  box-shadow: 4px 4px 3px 0px #f2f2f2;
  border: 1px solid #e6e6e6;
  box-sizing: content-box;
  grid-area: container;
  display: grid;
  grid-template-columns: 1fr 34rem;
  grid-template-rows: 100%;
  grid-template-areas: "picture content";
}

.c2 {
  height: 60rem;
  background-image: url(random-institute-JP9BQVlcED8-unsplash.jpg);
  background-size: cover;
  background-position: bottom center;
  grid-area: picture;
}

.c3 {
  padding: 0 4rem;
  margin: auto 0;
  width: -webkit-fit-content;
  width: -moz-fit-content;
  width: fit-content;
  box-sizing: content-box;
  grid-area: content;
}

.c4 {
  font-size: 2.5rem;
  margin-bottom: 2.5rem;
}

@media (max-width:599px) {
  .c0 {
    grid-template-columns: minmax(2rem,1fr) minmax(28rem,95.2rem) minmax(2rem,1fr);
    grid-template-rows: minmax(2rem,1fr) 65.1rem minmax(2rem,1fr);
    min-height: 69.1rem;
  }
}

@media (max-width:599px) {
  .c1 {
    height: -webkit-fit-content;
    height: -moz-fit-content;
    height: fit-content;
    display: grid;
    grid-template-columns: auto;
    grid-template-rows: auto;
    grid-template-areas: "picture" "content";
  }
}

@media (max-width:599px) {
  .c2 {
    height: 20rem;
    min-width: 26rem;
  }
}

@media (max-width:599px) {
  .c3 {
    padding: 0;
    padding-top: 2rem;
    padding-bottom: 2rem;
    margin: 0;
    justify-self: center;
  }
}

<div
  class="c0"
>
  <div
    class="c1"
  >
    <div
      class="c2"
    />
    <div
      class="c3"
    >
      <h1
        class="c4"
      >
        Login to Ride for Life
      </h1>
      <form
        class="c5"
      >
        <div
          class="c6"
        >
          <div
            class="c7"
          >
            <img
              class="c8"
              src="envelope.svg"
            />
          </div>
          <div
            class="c9"
          >
            <input
              class="c10"
              data-testid="email"
              name="email"
              type="email"
              value=""
            />
            <p
              class="c11"
            >
              Email Address
            </p>
          </div>
          <div
            class="c12"
            height="2.9rem"
          />
        </div>
        <div
          class="c6"
        >
          <div
            class="c7"
          >
            <img
              class="c8"
              src="lock.svg"
            />
          </div>
          <div
            class="c9"
          >
            <input
              class="c10"
              data-testid="passwd"
              name="passwd"
              type="password"
              value=""
            />
            <p
              class="c11"
            >
              Password
            </p>
          </div>
          <div
            class="c12"
            height="2.9rem"
          />
        </div>
        <div>
          <div
            class="c13"
            data-testid="userType"
            id="userType"
            tabindex="-1"
          >
            <p
              class="c14"
            >
              Account Type
            </p>
            <img
              class="c15"
              src="drop-down.svg"
            />
          </div>
          <div
            class="c16"
            height="2.9rem"
          />
        </div>
        <div
          class="c17"
        >
          <button
            class="c18"
            type="submit"
          >
            Login
          </button>
        </div>
        <div
          class="c19"
        />
        <div
          class="c20"
        >
          <a
            class="c21"
            href="/mom/register"
          >
            Are you an expecting mother? Register here.
          </a>
          <div
            class="c22"
          />
          <a
            class="c21"
            href="/driver/register"
          >
            Want to be a driver? Register here.
          </a>
        </div>
      </form>
    </div>
  </div>
</div>
`;
